12332455
